// Jest Snapshot v1, https://jestjs.io/docs/snapshot-testing

exports[`Projects matches snapshot 1`] = `
<div>
  <section
    class=" scroll-mt-28 mb-28"
    id="projects"
  >
    <h2
      class="text-3xl font-medium capitalize mb-8 text-center"
    >
      My Projects
    </h2>
    <div>
      <div
        class="group mb-3 sm:mb-8 last:mb-0 cursor-pointer"
        style="opacity: 0.6; transform: scale(0.8);"
      >
        <section
          class="bg-gray-100 max-w-[42rem] border border-black/5 rounded-lg overflow-hidden sm:pr-8 relative sm:h-[20rem] mb-3 sm:mb-8 last:mb-0 sm:group-even:pl-8 hover:bg-gray-200 transition dark:bg-white/10 dark:hover:bg-white/20 dark:text-white"
        >
          <div
            class="pt-4 pb-7 px-5 sm:pl-10 sm:pr-2 sm:pt-10 sm:max-w-[50%] flex flex-col h-full sm:group-even:ml-[18rem]"
          >
            <h3
              class="text-2xl font-semibold"
            >
              DigiBrain
            </h3>
            <p
              class="mt-2 leading-relaxed text-gray-700 dark:text-white/70"
            >
              A React website for group Brainstorming. It included a login System, CRUD operations, live updates and the GPT API. I was part of the backend team with Express.js
            </p>
            <ul
              class="flex flex-wrap mt-4 gap-2 sm:mt-auto"
            >
              <li
                class="bg-black/[0.7] px-3 py-1 text-[0.7rem] uppercase tracking-wider text-white rounded-full dark:bg-white/10 dark:text-white/70"
              >
                Node.js
              </li>
              <li
                class="bg-black/[0.7] px-3 py-1 text-[0.7rem] uppercase tracking-wider text-white rounded-full dark:bg-white/10 dark:text-white/70"
              >
                Express
              </li>
              <li
                class="bg-black/[0.7] px-3 py-1 text-[0.7rem] uppercase tracking-wider text-white rounded-full dark:bg-white/10 dark:text-white/70"
              >
                Typescript
              </li>
              <li
                class="bg-black/[0.7] px-3 py-1 text-[0.7rem] uppercase tracking-wider text-white rounded-full dark:bg-white/10 dark:text-white/70"
              >
                MongoDB
              </li>
              <li
                class="bg-black/[0.7] px-3 py-1 text-[0.7rem] uppercase tracking-wider text-white rounded-full dark:bg-white/10 dark:text-white/70"
              >
                SQLite
              </li>
              <li
                class="bg-black/[0.7] px-3 py-1 text-[0.7rem] uppercase tracking-wider text-white rounded-full dark:bg-white/10 dark:text-white/70"
              >
                Prisma
              </li>
            </ul>
          </div>
          <img
            alt="Project I worked on"
            class="absolute hidden sm:block top-8 -right-40 w-[28.25rem] rounded-t-lg shadow-2xl group-even:right-[initial] group-even:-left-40 group-hover:-translate-x-3 group-hover: translate-y-3 group-hover:-rotate-2 transition group-hover:scale-[1.04] group-even:group-hover:translate-x-3 group-even:group-hover:translate-y-3 group-even:group-hover:rotate-2"
            data-nimg="1"
            decoding="async"
            height="40"
            loading="lazy"
            src="/_next/image?url=%2Fimg.jpg&w=96&q=75"
            srcset="/_next/image?url=%2Fimg.jpg&w=48&q=75 1x, /_next/image?url=%2Fimg.jpg&w=96&q=75 2x"
            style="color: transparent;"
            width="40"
          />
        </section>
      </div>
      <div
        class="group mb-3 sm:mb-8 last:mb-0 cursor-pointer"
        style="opacity: 0.6; transform: scale(0.8);"
      >
        <section
          class="bg-gray-100 max-w-[42rem] border border-black/5 rounded-lg overflow-hidden sm:pr-8 relative sm:h-[20rem] mb-3 sm:mb-8 last:mb-0 sm:group-even:pl-8 hover:bg-gray-200 transition dark:bg-white/10 dark:hover:bg-white/20 dark:text-white"
        >
          <div
            class="pt-4 pb-7 px-5 sm:pl-10 sm:pr-2 sm:pt-10 sm:max-w-[50%] flex flex-col h-full sm:group-even:ml-[18rem]"
          >
            <h3
              class="text-2xl font-semibold"
            >
              Quote
            </h3>
            <p
              class="mt-2 leading-relaxed text-gray-700 dark:text-white/70"
            >
              A Next.js website for a friend to move on from a word document. It includes CRUD operations, a login system, a responsive design, darkmode and live updates. Deployed on Vercel.
            </p>
            <ul
              class="flex flex-wrap mt-4 gap-2 sm:mt-auto"
            >
              <li
                class="bg-black/[0.7] px-3 py-1 text-[0.7rem] uppercase tracking-wider text-white rounded-full dark:bg-white/10 dark:text-white/70"
              >
                Next.js
              </li>
              <li
                class="bg-black/[0.7] px-3 py-1 text-[0.7rem] uppercase tracking-wider text-white rounded-full dark:bg-white/10 dark:text-white/70"
              >
                React
              </li>
              <li
                class="bg-black/[0.7] px-3 py-1 text-[0.7rem] uppercase tracking-wider text-white rounded-full dark:bg-white/10 dark:text-white/70"
              >
                Typescript
              </li>
              <li
                class="bg-black/[0.7] px-3 py-1 text-[0.7rem] uppercase tracking-wider text-white rounded-full dark:bg-white/10 dark:text-white/70"
              >
                Tailwind
              </li>
              <li
                class="bg-black/[0.7] px-3 py-1 text-[0.7rem] uppercase tracking-wider text-white rounded-full dark:bg-white/10 dark:text-white/70"
              >
                Redux
              </li>
              <li
                class="bg-black/[0.7] px-3 py-1 text-[0.7rem] uppercase tracking-wider text-white rounded-full dark:bg-white/10 dark:text-white/70"
              >
                Firebase
              </li>
            </ul>
          </div>
          <img
            alt="Project I worked on"
            class="absolute hidden sm:block top-8 -right-40 w-[28.25rem] rounded-t-lg shadow-2xl group-even:right-[initial] group-even:-left-40 group-hover:-translate-x-3 group-hover: translate-y-3 group-hover:-rotate-2 transition group-hover:scale-[1.04] group-even:group-hover:translate-x-3 group-even:group-hover:translate-y-3 group-even:group-hover:rotate-2"
            data-nimg="1"
            decoding="async"
            height="40"
            loading="lazy"
            src="/_next/image?url=%2Fimg.jpg&w=96&q=75"
            srcset="/_next/image?url=%2Fimg.jpg&w=48&q=75 1x, /_next/image?url=%2Fimg.jpg&w=96&q=75 2x"
            style="color: transparent;"
            width="40"
          />
        </section>
      </div>
      <div
        class="group mb-3 sm:mb-8 last:mb-0 cursor-pointer"
        style="opacity: 0.6; transform: scale(0.8);"
      >
        <section
          class="bg-gray-100 max-w-[42rem] border border-black/5 rounded-lg overflow-hidden sm:pr-8 relative sm:h-[20rem] mb-3 sm:mb-8 last:mb-0 sm:group-even:pl-8 hover:bg-gray-200 transition dark:bg-white/10 dark:hover:bg-white/20 dark:text-white"
        >
          <div
            class="pt-4 pb-7 px-5 sm:pl-10 sm:pr-2 sm:pt-10 sm:max-w-[50%] flex flex-col h-full sm:group-even:ml-[18rem]"
          >
            <h3
              class="text-2xl font-semibold"
            >
              E-Learning Project
            </h3>
            <p
              class="mt-2 leading-relaxed text-gray-700 dark:text-white/70"
            >
              A React Native mobile app for E-learning. It included a single learning mode, for english (vocabularies) and a virtual classroom multiple people, learning in realtime.
            </p>
            <ul
              class="flex flex-wrap mt-4 gap-2 sm:mt-auto"
            >
              <li
                class="bg-black/[0.7] px-3 py-1 text-[0.7rem] uppercase tracking-wider text-white rounded-full dark:bg-white/10 dark:text-white/70"
              >
                React Native
              </li>
              <li
                class="bg-black/[0.7] px-3 py-1 text-[0.7rem] uppercase tracking-wider text-white rounded-full dark:bg-white/10 dark:text-white/70"
              >
                Expo
              </li>
              <li
                class="bg-black/[0.7] px-3 py-1 text-[0.7rem] uppercase tracking-wider text-white rounded-full dark:bg-white/10 dark:text-white/70"
              >
                Typescript
              </li>
              <li
                class="bg-black/[0.7] px-3 py-1 text-[0.7rem] uppercase tracking-wider text-white rounded-full dark:bg-white/10 dark:text-white/70"
              >
                Firebase
              </li>
            </ul>
          </div>
          <img
            alt="Project I worked on"
            class="absolute hidden sm:block top-8 -right-40 w-[28.25rem] rounded-t-lg shadow-2xl group-even:right-[initial] group-even:-left-40 group-hover:-translate-x-3 group-hover: translate-y-3 group-hover:-rotate-2 transition group-hover:scale-[1.04] group-even:group-hover:translate-x-3 group-even:group-hover:translate-y-3 group-even:group-hover:rotate-2"
            data-nimg="1"
            decoding="async"
            height="40"
            loading="lazy"
            src="/_next/image?url=%2Fimg.jpg&w=96&q=75"
            srcset="/_next/image?url=%2Fimg.jpg&w=48&q=75 1x, /_next/image?url=%2Fimg.jpg&w=96&q=75 2x"
            style="color: transparent;"
            width="40"
          />
        </section>
      </div>
      <div
        class="group mb-3 sm:mb-8 last:mb-0 cursor-pointer"
        style="opacity: 0.6; transform: scale(0.8);"
      >
        <section
          class="bg-gray-100 max-w-[42rem] border border-black/5 rounded-lg overflow-hidden sm:pr-8 relative sm:h-[20rem] mb-3 sm:mb-8 last:mb-0 sm:group-even:pl-8 hover:bg-gray-200 transition dark:bg-white/10 dark:hover:bg-white/20 dark:text-white"
        >
          <div
            class="pt-4 pb-7 px-5 sm:pl-10 sm:pr-2 sm:pt-10 sm:max-w-[50%] flex flex-col h-full sm:group-even:ml-[18rem]"
          >
            <h3
              class="text-2xl font-semibold"
            >
              Graveyard Shooter
            </h3>
            <p
              class="mt-2 leading-relaxed text-gray-700 dark:text-white/70"
            >
              We worked as a group to create a dynamic singleplayer VR shooter game in university. We included animations, movement, shooting and a scoring system. 
            </p>
            <ul
              class="flex flex-wrap mt-4 gap-2 sm:mt-auto"
            >
              <li
                class="bg-black/[0.7] px-3 py-1 text-[0.7rem] uppercase tracking-wider text-white rounded-full dark:bg-white/10 dark:text-white/70"
              >
                Unity
              </li>
              <li
                class="bg-black/[0.7] px-3 py-1 text-[0.7rem] uppercase tracking-wider text-white rounded-full dark:bg-white/10 dark:text-white/70"
              >
                C#
              </li>
              <li
                class="bg-black/[0.7] px-3 py-1 text-[0.7rem] uppercase tracking-wider text-white rounded-full dark:bg-white/10 dark:text-white/70"
              >
                Blender
              </li>
              <li
                class="bg-black/[0.7] px-3 py-1 text-[0.7rem] uppercase tracking-wider text-white rounded-full dark:bg-white/10 dark:text-white/70"
              >
                VR
              </li>
            </ul>
          </div>
          <img
            alt="Project I worked on"
            class="absolute hidden sm:block top-8 -right-40 w-[28.25rem] rounded-t-lg shadow-2xl group-even:right-[initial] group-even:-left-40 group-hover:-translate-x-3 group-hover: translate-y-3 group-hover:-rotate-2 transition group-hover:scale-[1.04] group-even:group-hover:translate-x-3 group-even:group-hover:translate-y-3 group-even:group-hover:rotate-2"
            data-nimg="1"
            decoding="async"
            height="40"
            loading="lazy"
            src="/_next/image?url=%2Fimg.jpg&w=96&q=75"
            srcset="/_next/image?url=%2Fimg.jpg&w=48&q=75 1x, /_next/image?url=%2Fimg.jpg&w=96&q=75 2x"
            style="color: transparent;"
            width="40"
          />
        </section>
      </div>
      <div
        class="group mb-3 sm:mb-8 last:mb-0 cursor-pointer"
        style="opacity: 0.6; transform: scale(0.8);"
      >
        <section
          class="bg-gray-100 max-w-[42rem] border border-black/5 rounded-lg overflow-hidden sm:pr-8 relative sm:h-[20rem] mb-3 sm:mb-8 last:mb-0 sm:group-even:pl-8 hover:bg-gray-200 transition dark:bg-white/10 dark:hover:bg-white/20 dark:text-white"
        >
          <div
            class="pt-4 pb-7 px-5 sm:pl-10 sm:pr-2 sm:pt-10 sm:max-w-[50%] flex flex-col h-full sm:group-even:ml-[18rem]"
          >
            <h3
              class="text-2xl font-semibold"
            >
              AR-Race Car
            </h3>
            <p
              class="mt-2 leading-relaxed text-gray-700 dark:text-white/70"
            >
              A Unity AR mobile app with 2 modes. One mode used the camera of the car and received a stream with tcp, the other one included AR features. I worked on the mobile part. The embedded part was done with python
            </p>
            <ul
              class="flex flex-wrap mt-4 gap-2 sm:mt-auto"
            >
              <li
                class="bg-black/[0.7] px-3 py-1 text-[0.7rem] uppercase tracking-wider text-white rounded-full dark:bg-white/10 dark:text-white/70"
              >
                Unity
              </li>
              <li
                class="bg-black/[0.7] px-3 py-1 text-[0.7rem] uppercase tracking-wider text-white rounded-full dark:bg-white/10 dark:text-white/70"
              >
                C#
              </li>
              <li
                class="bg-black/[0.7] px-3 py-1 text-[0.7rem] uppercase tracking-wider text-white rounded-full dark:bg-white/10 dark:text-white/70"
              >
                AR
              </li>
              <li
                class="bg-black/[0.7] px-3 py-1 text-[0.7rem] uppercase tracking-wider text-white rounded-full dark:bg-white/10 dark:text-white/70"
              >
                TCP
              </li>
            </ul>
          </div>
          <img
            alt="Project I worked on"
            class="absolute hidden sm:block top-8 -right-40 w-[28.25rem] rounded-t-lg shadow-2xl group-even:right-[initial] group-even:-left-40 group-hover:-translate-x-3 group-hover: translate-y-3 group-hover:-rotate-2 transition group-hover:scale-[1.04] group-even:group-hover:translate-x-3 group-even:group-hover:translate-y-3 group-even:group-hover:rotate-2"
            data-nimg="1"
            decoding="async"
            height="40"
            loading="lazy"
            src="/_next/image?url=%2Fimg.jpg&w=96&q=75"
            srcset="/_next/image?url=%2Fimg.jpg&w=48&q=75 1x, /_next/image?url=%2Fimg.jpg&w=96&q=75 2x"
            style="color: transparent;"
            width="40"
          />
        </section>
      </div>
      <div
        class="group mb-3 sm:mb-8 last:mb-0 cursor-pointer"
        style="opacity: 0.6; transform: scale(0.8);"
      >
        <section
          class="bg-gray-100 max-w-[42rem] border border-black/5 rounded-lg overflow-hidden sm:pr-8 relative sm:h-[20rem] mb-3 sm:mb-8 last:mb-0 sm:group-even:pl-8 hover:bg-gray-200 transition dark:bg-white/10 dark:hover:bg-white/20 dark:text-white"
        >
          <div
            class="pt-4 pb-7 px-5 sm:pl-10 sm:pr-2 sm:pt-10 sm:max-w-[50%] flex flex-col h-full sm:group-even:ml-[18rem]"
          >
            <h3
              class="text-2xl font-semibold"
            >
              Aelianas Journey
            </h3>
            <p
              class="mt-2 leading-relaxed text-gray-700 dark:text-white/70"
            >
              We worked as a group to create a unity 2D jump and run game called Aelianas Journey. A leaderboard was included, to have a competitive aspect.
            </p>
            <ul
              class="flex flex-wrap mt-4 gap-2 sm:mt-auto"
            >
              <li
                class="bg-black/[0.7] px-3 py-1 text-[0.7rem] uppercase tracking-wider text-white rounded-full dark:bg-white/10 dark:text-white/70"
              >
                Unity
              </li>
              <li
                class="bg-black/[0.7] px-3 py-1 text-[0.7rem] uppercase tracking-wider text-white rounded-full dark:bg-white/10 dark:text-white/70"
              >
                C#
              </li>
              <li
                class="bg-black/[0.7] px-3 py-1 text-[0.7rem] uppercase tracking-wider text-white rounded-full dark:bg-white/10 dark:text-white/70"
              >
                Firebase
              </li>
              <li
                class="bg-black/[0.7] px-3 py-1 text-[0.7rem] uppercase tracking-wider text-white rounded-full dark:bg-white/10 dark:text-white/70"
              >
                2D
              </li>
            </ul>
          </div>
          <img
            alt="Project I worked on"
            class="absolute hidden sm:block top-8 -right-40 w-[28.25rem] rounded-t-lg shadow-2xl group-even:right-[initial] group-even:-left-40 group-hover:-translate-x-3 group-hover: translate-y-3 group-hover:-rotate-2 transition group-hover:scale-[1.04] group-even:group-hover:translate-x-3 group-even:group-hover:translate-y-3 group-even:group-hover:rotate-2"
            data-nimg="1"
            decoding="async"
            height="40"
            loading="lazy"
            src="/_next/image?url=%2Fimg.jpg&w=96&q=75"
            srcset="/_next/image?url=%2Fimg.jpg&w=48&q=75 1x, /_next/image?url=%2Fimg.jpg&w=96&q=75 2x"
            style="color: transparent;"
            width="40"
          />
        </section>
      </div>
    </div>
  </section>
</div>
`;
