// Jest Snapshot v1, https://jestjs.io/docs/snapshot-testing

exports[`Header matches snapshot 1`] = `
<div>
  <header
    class="z-[999] relative"
  >
    <div
      class="fixed top-0 left-1/2 -translate-x-1/2 h-[4.5rem] w-full border border-white border-opacity-40 bg-white bg-opacity-80 shadow-lg shadow-black/[0.03] backdrop-blur-[0.5rem] sm:top-6 sm:h-[3.25rem] sm:w-[36rem] sm:rounded-full dark:bg-gray-950 dark:border-black/40 dark:bg-opacity-75"
      style="opacity: 0; transform: translateX(-50%) translateY(-100px);"
    />
    <nav
      class="flex fixed top-[0.15rem] left-1/2 h-12 -translate-x-1/2 py-2 sm:top-[1.7rem] sm:h-[initial] sm:py-0"
    >
      <ul
        class="flex w-[22rem] flex-wrap items-center justify-center gap-y-1 text-[0.9rem] font-medium text-gray-500 sm:w-[initial] sm:flex-nowrap sm:gap-5"
      >
        <li
          class="h-3/4 flex items-center justify-center"
          style="opacity: 0; transform: translateY(-100px);"
        >
          <a
            class="flex w-full items-center justify-center px-3 py-3 hover:text-gray-950 transition relative text-gray-950"
            href="#home"
          >
            Home
            <span
              class="bg-gray-100 rounded-full absolute inset-0 -z-10 dark:bg-gray-800"
            />
          </a>
        </li>
        <li
          class="h-3/4 flex items-center justify-center"
          style="opacity: 0; transform: translateY(-100px);"
        >
          <a
            class="flex w-full items-center justify-center px-3 py-3 hover:text-gray-950 transition relative"
            href="#about"
          >
            About
          </a>
        </li>
        <li
          class="h-3/4 flex items-center justify-center"
          style="opacity: 0; transform: translateY(-100px);"
        >
          <a
            class="flex w-full items-center justify-center px-3 py-3 hover:text-gray-950 transition relative"
            href="#projects"
          >
            Projects
          </a>
        </li>
        <li
          class="h-3/4 flex items-center justify-center"
          style="opacity: 0; transform: translateY(-100px);"
        >
          <a
            class="flex w-full items-center justify-center px-3 py-3 hover:text-gray-950 transition relative"
            href="#skills"
          >
            Skills
          </a>
        </li>
        <li
          class="h-3/4 flex items-center justify-center"
          style="opacity: 0; transform: translateY(-100px);"
        >
          <a
            class="flex w-full items-center justify-center px-3 py-3 hover:text-gray-950 transition relative"
            href="#experience"
          >
            Experience
          </a>
        </li>
        <li
          class="h-3/4 flex items-center justify-center"
          style="opacity: 0; transform: translateY(-100px);"
        >
          <a
            class="flex w-full items-center justify-center px-3 py-3 hover:text-gray-950 transition relative"
            href="#contact"
          >
            Contact
          </a>
        </li>
      </ul>
    </nav>
  </header>
</div>
`;
