// Jest Snapshot v1, https://jestjs.io/docs/snapshot-testing

exports[`About matches snapshot 1`] = `
<div>
  <section
    class="mb-28 max-w-[45rem] text-center leading-8 sm:mb-40 scroll-mt-28"
    id="about"
    style="opacity: 0; transform: translateY(100px);"
  >
    <h2
      class="text-3xl font-medium capitalize mb-8 text-center"
    >
      title
    </h2>
    <p
      class="mb-3"
    >
      paragraph1
    </p>
    <p
      class="mb-3"
    >
      paragraph2
    </p>
    <p
      class="mb-3"
    >
      paragraph3
    </p>
    <p
      class="mb-3"
    >
      paragraph4
    </p>
    <p
      class="mb-3"
    >
      paragraph5
    </p>
  </section>
</div>
`;
