// Jest Snapshot v1, https://jestjs.io/docs/snapshot-testing

exports[`About matches snapshot 1`] = `
<div>
  <section
    class="mb-28 max-w-[45rem] text-center leading-8 sm:mb-40 scroll-mt-28"
    id="about"
    style="opacity: 0; transform: translateY(100px);"
  >
    <h2
      class="text-3xl font-medium capitalize mb-8 text-center"
    >
      About me
    </h2>
    <p
      class="mb-3"
    >
      I'm a mobile software developer from Germany with a strong focus on
       
      <span
        class="font-medium"
      >
        React Native, TypeScript and Swift
      </span>
      . I completed my B.Sc. in Computer Science (Software Engineering) at Aalen University and currently work at
       
      <span
        class="font-medium"
      >
        BARMER
      </span>
      , contributing to one of Germany's largest healthcare applications.
    </p>
    <p
      class="mb-3"
    >
      My work includes developing and maintaining cross-platform mobile features, integrating native iOS components with Swift, creating automated tests with
       
      <span
        class="font-medium"
      >
        Jest and Pytest
      </span>
      , and analyzing application crashes and incidents using
       
      <span
        class="font-medium"
      >
        Sentry
      </span>
      . I'm also involved in dependency management, software updates and security-related topics within modern mobile applications.
    </p>
    <p
      class="mb-3"
    >
      Before joining BARMER, I worked as a full-stack developer at
       
      <span
        class="font-medium"
      >
        Heitec AG
      </span>
      , where I contributed to internal web applications and backend systems. My bachelor thesis focused on building an
       
      <span
        class="font-medium"
      >
        OpenAPI-based Angular code generator
      </span>
       
      to optimize development workflows.
    </p>
    <p
      class="mb-3"
    >
      I enjoy working on
       
      <span
        class="italic"
      >
        scalable architectures, developer tooling and clean user experiences
      </span>
      . Beyond mobile development, I'm interested in software architecture, AI-assisted development workflows, security engineering and modern frontend ecosystems.
    </p>
    <p
      class="mb-3"
    >
      Outside of programming, I enjoy sports, traveling and learning languages. I currently speak
       
      <span
        class="font-medium"
      >
        German, English and Spanish
      </span>
       
      and continuously work on improving my language skills and technical expertise.
    </p>
  </section>
</div>
`;
